2026-05-20 23:55:39,850 INFO o.a.j.u.JMeterUtils: Setting Locale to en_EN
2026-05-20 23:55:39,870 INFO o.a.j.JMeter: Loading user properties from: C:\apache-jmeter-5.6.3\bin\user.properties
2026-05-20 23:55:39,870 INFO o.a.j.JMeter: Loading system properties from: C:\apache-jmeter-5.6.3\bin\system.properties
2026-05-20 23:55:39,870 INFO o.a.j.JMeter: Setting JMeter property: TEST_EMAIL=shivamhippalgave@gmail.com
2026-05-20 23:55:39,870 INFO o.a.j.JMeter: Setting JMeter property: TEST_PASSWORD=Shiv@123
2026-05-20 23:55:39,876 INFO o.a.j.JMeter: Copyright (c) 1998-2024 The Apache Software Foundation
2026-05-20 23:55:39,876 INFO o.a.j.JMeter: Version 5.6.3
2026-05-20 23:55:39,876 INFO o.a.j.JMeter: java.version=21.0.9
2026-05-20 23:55:39,876 INFO o.a.j.JMeter: java.vm.name=OpenJDK 64-Bit Server VM
2026-05-20 23:55:39,876 INFO o.a.j.JMeter: os.name=Windows 11
2026-05-20 23:55:39,876 INFO o.a.j.JMeter: os.arch=amd64
2026-05-20 23:55:39,876 INFO o.a.j.JMeter: os.version=10.0
2026-05-20 23:55:39,876 INFO o.a.j.JMeter: file.encoding=UTF-8
2026-05-20 23:55:39,876 INFO o.a.j.JMeter: java.awt.headless=true
2026-05-20 23:55:39,876 INFO o.a.j.JMeter: Max memory     =1073741824
2026-05-20 23:55:39,876 INFO o.a.j.JMeter: Available Processors =24
2026-05-20 23:55:39,883 INFO o.a.j.JMeter: Default Locale=English (EN)
2026-05-20 23:55:39,883 INFO o.a.j.JMeter: JMeter  Locale=English (EN)
2026-05-20 23:55:39,884 INFO o.a.j.JMeter: JMeterHome=C:\apache-jmeter-5.6.3
2026-05-20 23:55:39,884 INFO o.a.j.JMeter: user.dir  =C:\Coding\NerdsOnCall\jmeter
2026-05-20 23:55:39,884 INFO o.a.j.JMeter: PWD       =C:\Coding\NerdsOnCall\jmeter
2026-05-20 23:55:39,900 INFO o.a.j.JMeter: IP: 192.168.0.103 Name: shivam FullName: 192.168.0.103
2026-05-20 23:55:39,909 INFO o.a.j.JMeter: Setting property 'jmeter.reportgenerator.outputdir' to:'C:\Coding\NerdsOnCall\jmeter\results\html-report'
2026-05-20 23:55:39,910 INFO o.a.j.s.FileServer: Default base='C:\Coding\NerdsOnCall\jmeter'
2026-05-20 23:55:39,911 INFO o.a.j.s.FileServer: Set new base='C:\Coding\NerdsOnCall\jmeter'
2026-05-20 23:55:40,063 INFO o.a.j.s.SaveService: Testplan (JMX) version: 2.2. Testlog (JTL) version: 2.2
2026-05-20 23:55:40,087 INFO o.a.j.s.SaveService: Using SaveService properties version 5.0
2026-05-20 23:55:40,089 INFO o.a.j.s.SaveService: Using SaveService properties file encoding UTF-8
2026-05-20 23:55:40,091 INFO o.a.j.s.SaveService: Loading file: C:\Coding\NerdsOnCall\jmeter\NerdsOnCall-LoadTest.jmx
2026-05-20 23:55:40,139 INFO o.a.j.p.h.s.HTTPSamplerBase: Parser for text/html is org.apache.jmeter.protocol.http.parser.LagartoBasedHtmlParser
2026-05-20 23:55:40,139 INFO o.a.j.p.h.s.HTTPSamplerBase: Parser for application/xhtml+xml is org.apache.jmeter.protocol.http.parser.LagartoBasedHtmlParser
2026-05-20 23:55:40,139 INFO o.a.j.p.h.s.HTTPSamplerBase: Parser for application/xml is org.apache.jmeter.protocol.http.parser.LagartoBasedHtmlParser
2026-05-20 23:55:40,139 INFO o.a.j.p.h.s.HTTPSamplerBase: Parser for text/xml is org.apache.jmeter.protocol.http.parser.LagartoBasedHtmlParser
2026-05-20 23:55:40,139 INFO o.a.j.p.h.s.HTTPSamplerBase: Parser for text/vnd.wap.wml is org.apache.jmeter.protocol.http.parser.RegexpHTMLParser
2026-05-20 23:55:40,139 INFO o.a.j.p.h.s.HTTPSamplerBase: Parser for text/css is org.apache.jmeter.protocol.http.parser.CssParser
2026-05-20 23:55:40,166 INFO o.a.j.JMeter: Creating summariser <summary>
2026-05-20 23:55:40,168 INFO o.a.j.r.d.ReportGenerator: ReportGenerator will use for Parsing the separator: ','
2026-05-20 23:55:40,169 INFO o.a.j.r.d.ReportGenerator: Will generate report at end of test from  results file: C:\Coding\NerdsOnCall\jmeter\results\results.jtl
2026-05-20 23:55:40,169 INFO o.a.j.r.d.ReportGenerator: Reading report generator properties from: C:\apache-jmeter-5.6.3\bin\reportgenerator.properties
2026-05-20 23:55:40,169 INFO o.a.j.r.d.ReportGenerator: Merging with JMeter properties
2026-05-20 23:55:40,172 INFO o.a.j.r.c.ReportGeneratorConfiguration: Property 'jmeter.reportgenerator.temp_dir' not found, using default value 'temp' instead.
2026-05-20 23:55:40,172 INFO o.a.j.r.c.ReportGeneratorConfiguration: Property 'jmeter.reportgenerator.apdex_per_transaction' not found, using default value 'null' instead.
2026-05-20 23:55:40,172 INFO o.a.j.r.c.ReportGeneratorConfiguration: apdex_per_transaction is empty, not APDEX per transaction customization
2026-05-20 23:55:40,172 INFO o.a.j.r.c.ReportGeneratorConfiguration: Property 'jmeter.reportgenerator.sample_filter' not found, using default value 'null' instead.
2026-05-20 23:55:40,173 INFO o.a.j.r.c.ReportGeneratorConfiguration: Property 'jmeter.reportgenerator.report_title' not found, using default value 'null' instead.
2026-05-20 23:55:40,173 INFO o.a.j.r.c.ReportGeneratorConfiguration: Property 'jmeter.reportgenerator.start_date' not found, using default value 'null' instead.
2026-05-20 23:55:40,173 INFO o.a.j.r.c.ReportGeneratorConfiguration: Property 'jmeter.reportgenerator.end_date' not found, using default value 'null' instead.
2026-05-20 23:55:40,173 INFO o.a.j.r.c.ReportGeneratorConfiguration: Property 'jmeter.reportgenerator.date_format' not found, using default value 'null' instead.
2026-05-20 23:55:40,173 INFO o.a.j.r.c.ReportGeneratorConfiguration: Will use date range start date: null, end date: null
2026-05-20 23:55:40,175 INFO o.a.j.r.c.ReportGeneratorConfiguration: Property 'jmeter.reportgenerator.graph.totalTPS.exclude_controllers' not found, using default value 'false' instead.
2026-05-20 23:55:40,175 INFO o.a.j.r.c.ReportGeneratorConfiguration: Property 'jmeter.reportgenerator.graph.activeThreadsOverTime.exclude_controllers' not found, using default value 'false' instead.
2026-05-20 23:55:40,176 INFO o.a.j.r.c.ReportGeneratorConfiguration: Property 'jmeter.reportgenerator.graph.timeVsThreads.exclude_controllers' not found, using default value 'false' instead.
2026-05-20 23:55:40,176 INFO o.a.j.r.c.ReportGeneratorConfiguration: Property 'jmeter.reportgenerator.graph.responseTimeDistribution.exclude_controllers' not found, using default value 'false' instead.
2026-05-20 23:55:40,176 INFO o.a.j.r.c.ReportGeneratorConfiguration: Property 'jmeter.reportgenerator.graph.transactionsPerSecond.exclude_controllers' not found, using default value 'false' instead.
2026-05-20 23:55:40,176 INFO o.a.j.r.c.ReportGeneratorConfiguration: Property 'jmeter.reportgenerator.graph.responseTimePercentiles.exclude_controllers' not found, using default value 'false' instead.
2026-05-20 23:55:40,176 INFO o.a.j.r.c.ReportGeneratorConfiguration: Property 'jmeter.reportgenerator.graph.responseTimePercentilesOverTime.exclude_controllers' not found, using default value 'false' instead.
2026-05-20 23:55:40,176 INFO o.a.j.r.c.ReportGeneratorConfiguration: Property 'jmeter.reportgenerator.graph.responseTimesOverTime.exclude_controllers' not found, using default value 'false' instead.
2026-05-20 23:55:40,177 INFO o.a.j.r.c.ReportGeneratorConfiguration: Property 'jmeter.reportgenerator.graph.connectTimeOverTime.exclude_controllers' not found, using default value 'false' instead.
2026-05-20 23:55:40,177 INFO o.a.j.r.c.ReportGeneratorConfiguration: Property 'jmeter.reportgenerator.graph.latenciesOverTime.exclude_controllers' not found, using default value 'false' instead.
2026-05-20 23:55:40,177 INFO o.a.j.r.c.ReportGeneratorConfiguration: Property 'jmeter.reportgenerator.exporter.json.filters_only_sample_series' not found, using default value 'true' instead.
2026-05-20 23:55:40,177 INFO o.a.j.r.c.ReportGeneratorConfiguration: Property 'jmeter.reportgenerator.exporter.json.series_filter' not found, using default value '' instead.
2026-05-20 23:55:40,178 INFO o.a.j.r.c.ReportGeneratorConfiguration: Property 'jmeter.reportgenerator.exporter.json.show_controllers_only' not found, using default value 'false' instead.
2026-05-20 23:55:40,178 INFO o.a.j.r.c.ReportGeneratorConfiguration: Property 'jmeter.reportgenerator.exporter.html.filters_only_sample_series' not found, using default value 'true' instead.
2026-05-20 23:55:40,178 INFO o.a.j.r.c.ReportGeneratorConfiguration: Property 'jmeter.reportgenerator.exporter.html.series_filter' not found, using default value '' instead.
2026-05-20 23:55:40,178 INFO o.a.j.r.c.ReportGeneratorConfiguration: Property 'jmeter.reportgenerator.exporter.html.show_controllers_only' not found, using default value 'false' instead.
2026-05-20 23:55:40,189 INFO o.a.j.e.StandardJMeterEngine: Running the test!
2026-05-20 23:55:40,189 INFO o.a.j.s.SampleEvent: List of sample_variables: []
2026-05-20 23:55:40,190 INFO o.a.j.s.SampleEvent: List of sample_variables: []
2026-05-20 23:55:40,194 INFO o.a.j.e.u.CompoundVariable: Note: Function class names must contain the string: '.functions.'
2026-05-20 23:55:40,194 INFO o.a.j.e.u.CompoundVariable: Note: Function class names must not contain the string: '.gui.'
2026-05-20 23:55:40,259 INFO o.a.j.JMeter: Running test (1779301540259)
2026-05-20 23:55:40,273 INFO o.a.j.e.StandardJMeterEngine: Starting ThreadGroup: 1 : API Users
2026-05-20 23:55:40,274 INFO o.a.j.e.StandardJMeterEngine: Starting 10 threads for group API Users.
2026-05-20 23:55:40,274 INFO o.a.j.e.StandardJMeterEngine: Thread will continue on error
2026-05-20 23:55:40,274 INFO o.a.j.t.ThreadGroup: Starting thread group... number=1 threads=10 ramp-up=5 delayedStart=false
2026-05-20 23:55:40,282 INFO o.a.j.t.JMeterThread: Thread started: API Users 1-1
2026-05-20 23:55:40,284 INFO o.a.j.t.ThreadGroup: Started thread group number 1
2026-05-20 23:55:40,284 INFO o.a.j.e.StandardJMeterEngine: All thread groups have been started
2026-05-20 23:55:40,297 INFO o.a.j.p.h.s.HTTPHCAbstractImpl: Local host = shivam
2026-05-20 23:55:40,301 INFO o.a.j.p.h.s.HTTPHC4Impl: HTTP request retry count = 0
2026-05-20 23:55:40,301 INFO o.a.j.s.SampleResult: Note: Sample TimeStamps are START times
2026-05-20 23:55:40,301 INFO o.a.j.s.SampleResult: sampleresult.default.encoding is set to UTF-8
2026-05-20 23:55:40,301 INFO o.a.j.s.SampleResult: sampleresult.useNanoTime=true
2026-05-20 23:55:40,301 INFO o.a.j.s.SampleResult: sampleresult.nanoThreadSleep=5000
2026-05-20 23:55:40,780 INFO o.a.j.t.JMeterThread: Thread started: API Users 1-2
2026-05-20 23:55:40,917 INFO o.a.j.t.JMeterThread: Thread is done: API Users 1-1
2026-05-20 23:55:40,918 INFO o.a.j.t.JMeterThread: Thread finished: API Users 1-1
2026-05-20 23:55:41,043 INFO o.a.j.t.JMeterThread: Thread is done: API Users 1-2
2026-05-20 23:55:41,043 INFO o.a.j.t.JMeterThread: Thread finished: API Users 1-2
2026-05-20 23:55:41,278 INFO o.a.j.t.JMeterThread: Thread started: API Users 1-3
2026-05-20 23:55:41,538 INFO o.a.j.t.JMeterThread: Thread is done: API Users 1-3
2026-05-20 23:55:41,538 INFO o.a.j.t.JMeterThread: Thread finished: API Users 1-3
2026-05-20 23:55:41,776 INFO o.a.j.t.JMeterThread: Thread started: API Users 1-4
2026-05-20 23:55:42,012 INFO o.a.j.t.JMeterThread: Thread is done: API Users 1-4
2026-05-20 23:55:42,012 INFO o.a.j.t.JMeterThread: Thread finished: API Users 1-4
2026-05-20 23:55:42,277 INFO o.a.j.t.JMeterThread: Thread started: API Users 1-5
2026-05-20 23:55:42,514 INFO o.a.j.t.JMeterThread: Thread is done: API Users 1-5
2026-05-20 23:55:42,514 INFO o.a.j.t.JMeterThread: Thread finished: API Users 1-5
2026-05-20 23:55:42,775 INFO o.a.j.t.JMeterThread: Thread started: API Users 1-6
2026-05-20 23:55:43,018 INFO o.a.j.t.JMeterThread: Thread is done: API Users 1-6
2026-05-20 23:55:43,018 INFO o.a.j.t.JMeterThread: Thread finished: API Users 1-6
2026-05-20 23:55:43,275 INFO o.a.j.t.JMeterThread: Thread started: API Users 1-7
2026-05-20 23:55:43,514 INFO o.a.j.t.JMeterThread: Thread is done: API Users 1-7
2026-05-20 23:55:43,514 INFO o.a.j.t.JMeterThread: Thread finished: API Users 1-7
2026-05-20 23:55:43,782 INFO o.a.j.t.JMeterThread: Thread started: API Users 1-8
2026-05-20 23:55:44,036 INFO o.a.j.t.JMeterThread: Thread is done: API Users 1-8
2026-05-20 23:55:44,036 INFO o.a.j.t.JMeterThread: Thread finished: API Users 1-8
2026-05-20 23:55:44,274 INFO o.a.j.t.JMeterThread: Thread started: API Users 1-9
2026-05-20 23:55:44,521 INFO o.a.j.t.JMeterThread: Thread is done: API Users 1-9
2026-05-20 23:55:44,521 INFO o.a.j.t.JMeterThread: Thread finished: API Users 1-9
2026-05-20 23:55:44,776 INFO o.a.j.t.JMeterThread: Thread started: API Users 1-10
2026-05-20 23:55:45,013 INFO o.a.j.t.JMeterThread: Thread is done: API Users 1-10
2026-05-20 23:55:45,013 INFO o.a.j.t.JMeterThread: Thread finished: API Users 1-10
2026-05-20 23:55:45,013 INFO o.a.j.e.StandardJMeterEngine: Notifying test listeners of end of test
2026-05-20 23:55:45,015 INFO o.a.j.r.Summariser: summary =    120 in 00:00:05 =   25.2/s Avg:    22 Min:     1 Max:   321 Err:     0 (0.00%)
2026-05-20 23:55:45,015 INFO o.a.j.JMeter: Generating Dashboard
2026-05-20 23:55:45,016 INFO o.a.j.r.d.ReportGenerator: Flushing result collector before report Generation
2026-05-20 23:55:45,041 INFO o.a.j.r.p.NormalizerSampleConsumer: Using format, 'ms', to parse timeStamp field
2026-05-20 23:55:45,112 INFO o.a.j.r.p.AbstractSampleConsumer: class org.apache.jmeter.report.processor.AggregateConsumer#stopProducing(): beginDate produced 0 samples
2026-05-20 23:55:45,112 INFO o.a.j.r.p.AbstractSampleConsumer: class org.apache.jmeter.report.processor.AggregateConsumer#stopProducing(): endDate produced 0 samples
2026-05-20 23:55:45,118 INFO o.a.j.r.p.AbstractSampleConsumer: class org.apache.jmeter.report.processor.ApdexSummaryConsumer#stopProducing(): apdexSummary produced 0 samples
2026-05-20 23:55:45,118 INFO o.a.j.r.p.AbstractSampleConsumer: class org.apache.jmeter.report.processor.RequestsSummaryConsumer#stopProducing(): requestsSummary produced 0 samples
2026-05-20 23:55:45,122 INFO o.a.j.r.p.AbstractSampleConsumer: class org.apache.jmeter.report.processor.StatisticsSummaryConsumer#stopProducing(): statisticsSummary produced 0 samples
2026-05-20 23:55:45,124 INFO o.a.j.r.p.AbstractSampleConsumer: class org.apache.jmeter.report.processor.Top5ErrorsBySamplerConsumer#stopProducing(): top5ErrorsBySampler produced 0 samples
2026-05-20 23:55:45,124 INFO o.a.j.r.p.AbstractSampleConsumer: class org.apache.jmeter.report.processor.ErrorsSummaryConsumer#stopProducing(): errorsSummary produced 0 samples
2026-05-20 23:55:45,124 INFO o.a.j.r.p.AbstractSampleConsumer: class org.apache.jmeter.report.processor.graph.impl.HitsPerSecondGraphConsumer#stopProducing(): hitsPerSecond produced 0 samples
2026-05-20 23:55:45,185 INFO o.a.j.r.p.AbstractSampleConsumer: class org.apache.jmeter.report.processor.graph.impl.LatencyVSRequestGraphConsumer#stopProducing(): latencyVsRequest produced 0 samples
2026-05-20 23:55:45,186 INFO o.a.j.r.p.AbstractSampleConsumer: class org.apache.jmeter.report.processor.graph.impl.SyntheticResponseTimeDistributionGraphConsumer#stopProducing(): syntheticResponseTimeDistribution produced 0 samples
2026-05-20 23:55:45,187 INFO o.a.j.r.p.AbstractSampleConsumer: class org.apache.jmeter.report.processor.graph.impl.BytesThroughputGraphConsumer#stopProducing(): bytesThroughputOverTime produced 0 samples
2026-05-20 23:55:45,187 INFO o.a.j.r.p.AbstractSampleConsumer: class org.apache.jmeter.report.processor.graph.impl.CodesPerSecondGraphConsumer#stopProducing(): codesPerSecond produced 0 samples
2026-05-20 23:55:45,240 INFO o.a.j.r.p.AbstractSampleConsumer: class org.apache.jmeter.report.processor.graph.impl.ResponseTimeVSRequestGraphConsumer#stopProducing(): responseTimeVsRequest produced 0 samples
2026-05-20 23:55:45,240 INFO o.a.j.r.p.AbstractSampleConsumer: class org.apache.jmeter.report.processor.FilterConsumer#stopProducing(): startIntervalControlerFilter produced 840 samples
2026-05-20 23:55:45,240 INFO o.a.j.r.p.AbstractSampleConsumer: class org.apache.jmeter.report.processor.graph.impl.TotalTPSGraphConsumer#stopProducing(): totalTPS produced 0 samples
2026-05-20 23:55:45,240 INFO o.a.j.r.p.AbstractSampleConsumer: class org.apache.jmeter.report.processor.graph.impl.ActiveThreadsGraphConsumer#stopProducing(): activeThreadsOverTime produced 0 samples
2026-05-20 23:55:45,240 INFO o.a.j.r.p.AbstractSampleConsumer: class org.apache.jmeter.report.processor.graph.impl.TimeVSThreadGraphConsumer#stopProducing(): timeVsThreads produced 0 samples
2026-05-20 23:55:45,241 INFO o.a.j.r.p.AbstractSampleConsumer: class org.apache.jmeter.report.processor.graph.impl.ResponseTimeDistributionGraphConsumer#stopProducing(): responseTimeDistribution produced 0 samples
2026-05-20 23:55:45,241 INFO o.a.j.r.p.AbstractSampleConsumer: class org.apache.jmeter.report.processor.graph.impl.TransactionsPerSecondGraphConsumer#stopProducing(): transactionsPerSecond produced 0 samples
2026-05-20 23:55:45,241 INFO o.a.j.r.p.AbstractSampleConsumer: class org.apache.jmeter.report.processor.graph.impl.ResponseTimePercentilesGraphConsumer#stopProducing(): responseTimePercentiles produced 0 samples
2026-05-20 23:55:45,242 INFO o.a.j.r.p.AbstractSampleConsumer: class org.apache.jmeter.report.processor.graph.impl.ResponseTimePercentilesOverTimeGraphConsumer#stopProducing(): responseTimePercentilesOverTime produced 0 samples
2026-05-20 23:55:45,242 INFO o.a.j.r.p.AbstractSampleConsumer: class org.apache.jmeter.report.processor.graph.impl.ResponseTimeOverTimeGraphConsumer#stopProducing(): responseTimesOverTime produced 0 samples
2026-05-20 23:55:45,242 INFO o.a.j.r.p.AbstractSampleConsumer: class org.apache.jmeter.report.processor.graph.impl.ConnectTimeOverTimeGraphConsumer#stopProducing(): connectTimeOverTime produced 0 samples
2026-05-20 23:55:45,242 INFO o.a.j.r.p.AbstractSampleConsumer: class org.apache.jmeter.report.processor.graph.impl.LatencyOverTimeGraphConsumer#stopProducing(): latenciesOverTime produced 0 samples
2026-05-20 23:55:45,242 INFO o.a.j.r.p.AbstractSampleConsumer: class org.apache.jmeter.report.processor.FilterConsumer#stopProducing(): nameFilter produced 1800 samples
2026-05-20 23:55:45,242 INFO o.a.j.r.p.AbstractSampleConsumer: class org.apache.jmeter.report.processor.FilterConsumer#stopProducing(): dateRangeFilter produced 360 samples
2026-05-20 23:55:45,242 INFO o.a.j.r.p.AbstractSampleConsumer: class org.apache.jmeter.report.processor.NormalizerSampleConsumer#stopProducing(): normalizer produced 120 samples
2026-05-20 23:55:45,244 INFO o.a.j.r.p.CsvFileSampleSource: produce(): 120 samples produced in 183ms on channel 0
2026-05-20 23:55:45,244 INFO o.a.j.r.d.ReportGenerator: Exporting data using exporter:'json' of className:'org.apache.jmeter.report.dashboard.JsonExporter'
2026-05-20 23:55:45,300 INFO o.a.j.r.d.JsonExporter: Found data for consumer statisticsSummary in context
2026-05-20 23:55:45,301 INFO o.a.j.r.d.JsonExporter: Creating statistics for overall
2026-05-20 23:55:45,301 INFO o.a.j.r.d.JsonExporter: Creating statistics for other transactions
2026-05-20 23:55:45,302 INFO o.a.j.r.d.JsonExporter: Checking output folder
2026-05-20 23:55:45,302 INFO o.a.j.r.d.JsonExporter: Writing statistics JSON to C:\Coding\NerdsOnCall\jmeter\results\html-report\statistics.json
2026-05-20 23:55:45,346 INFO o.a.j.r.d.ReportGenerator: Exporting data using exporter:'html' of className:'org.apache.jmeter.report.dashboard.HtmlTemplateExporter'
2026-05-20 23:55:45,349 INFO o.a.j.r.d.HtmlTemplateExporter: Will generate dashboard in folder: C:\Coding\NerdsOnCall\jmeter\results\html-report
2026-05-20 23:55:45,480 INFO o.a.j.r.d.HtmlTemplateExporter: Report will be generated in: C:\Coding\NerdsOnCall\jmeter\results\html-report, creating folder structure
2026-05-20 23:55:45,482 INFO o.a.j.r.d.TemplateVisitor: Copying folder from 'C:\apache-jmeter-5.6.3\bin\report-template' to 'C:\Coding\NerdsOnCall\jmeter\results\html-report', got message: C:\Coding\NerdsOnCall\jmeter\results\html-report, found non empty folder with following content [C:\Coding\NerdsOnCall\jmeter\results\html-report\statistics.json], will be ignored
2026-05-20 23:55:45,759 INFO o.a.j.JMeter: Dashboard generated
